// Jest Snapshot v1, https://goo.gl/fbAQLP

exports[`Navbar render correctly 1`] = `
<nav
  data-testid="navigation"
>
  <ul
    className="navContainer"
  >
    <li
      className="mathMagician"
    >
      Math Magicians
    </li>
    <li>
      <a
        href="/"
        onClick={[Function]}
      >
        Home
      </a>
    </li>
    <li>
      |
    </li>
    <li>
      <a
        href="/calculator"
        onClick={[Function]}
      >
        Calculator
      </a>
    </li>
    <li>
      |
    </li>
    <li>
      <a
        href="/quote"
        onClick={[Function]}
      >
        Quote
      </a>
    </li>
  </ul>
</nav>
`;
